8
1 5 0.795184
3 5 0.708419
4 5 0.632590
1 6 -1.306932
3 6 3.086094
4 6 3.111620
1 7 -3.263782
3 7 2.116849
4 7 2.138263
2 8 -1.547939
5 8 -0.545874
6 8 4.316726
7 8 -4.484589
