7
1 4 2.583943
2 4 0.887924
3 4 0.864109
1 5 -1.821174
2 5 2.007554
3 5 2.223188
1 6 -1.181881
2 6 1.259571
3 6 1.755561
1 7 5.467033
4 7 -7.637327
5 7 3.134163
6 7 1.081029
