6
1 4 -1.360690
2 4 3.124001
3 4 3.186167
1 5 -3.264308
2 5 2.121186
3 5 2.147098
1 6 -1.968348
4 6 4.269042
5 6 -4.581081
